Schur({{5.4, 4.0, 7.7}, {3.5, -0.7, 2.8}, {-3.2, 5.1, 0.8}})
