integrate (integrate sin(x) dx from x=0 to pi) dy from y=0 to 2 * pi
