curl((-y)/(x ^ 2 + y ^ 2), (-x)/(x ^ 2 + y ^ 2), z)
