gcd(x ^ 4 - 9 * x ^ 2 - 4 * x + 12, x ^ 3 + 5 * x ^ 2 + 2 * x - 8)
