Syntax error at line 2, position 5: '1.2'.
Context: y^{(1.2)}(t).
