((sum((3/4) ^ j), from j=0 to infinity)) + (integrate x ^ 2 * (sin(x)) ^ 3 dx from x=0 to 2)
