((integrate x ^ 2 * (sin(x)) ^ 3 dx from x=0 to 2))/det({{1, 2}, {3, 4}})
