LU decomposition of({{7, 3, -11}, {-6, 7, 10}, {-11, 2, -2}})
