(2 * x ^ 3 + 4 * x ^ 2 + 5 * x + 7)/(3 * x ^ 2 + 2 * x)
